// Jest Snapshot v1, https://goo.gl/fbAQLP

exports[`testFile should match the snapshot 1`] = `
<DocumentFragment>
  <div>
    <ul>
      <li>
        Product 1
      </li>
      <li>
        Product 2
      </li>
      <li>
        Product 3
      </li>
    </ul>
  </div>
</DocumentFragment>
`;
