// Jest Snapshot v1, https://goo.gl/fbAQLP

exports[`AdminFooter test case renders correctly 1`] = `
<div>
  <footer
    aria-label="footer"
    class="footerBackground text-center text-white"
  >
    <div
      class="copyrightContainer p-3"
    >
      Â© 2023 Copyright
      <a
        aria-label="MovieMate link"
        class="copyrightLink"
        href="#"
      >
        MovieMate
      </a>
    </div>
  </footer>
</div>
`;
